// Jest Snapshot v1, https://goo.gl/fbAQLP

exports[`Nav renders correctly 1`] = `
.c0 {
  position: fixed;
  -webkit-transform: translateZ(0);
  -ms-transform: translateZ(0);
  transform: translateZ(0);
  display: block;
  z-index: 5;
  font-family: "Avenir Next",-apple-system,BlinkMacSystemFont,"Segoe UI",Helvetica,Arial,sans-serif,"Apple Color Emoji","Segoe UI Emoji","Segoe UI Symbol";
  left: 0;
  top: 0;
  bottom: 0;
  right: auto;
  width: 16.666666666666668rem;
  height: 100%;
  background: #efefef;
  box-sizing: border-box;
  color: inherit;
  overflow-y: scroll;
  -webkit-transition: -webkit-transform 150ms ease-out;
  -webkit-transition: transform 150ms ease-out;
  transition: transform 150ms ease-out;
}

.c4 {
  display: inline-block;
  text-decoration: none;
  color: inherit;
  cursor: pointer;
  padding: 0.1111111111111111rem 0.4444444444444444rem;
  margin: -0.1111111111111111rem -0.4444444444444444rem;
}

.c1 {
  display: block;
  box-sizing: border-box;
  height: 100%;
  padding-top: 1.3888888888888888rem;
}

.c2 {
  margin-bottom: 1.6666666666666667rem;
}

.c3 {
  display: block;
  margin: 0.5555555555555556rem 2.2222222222222223rem;
  font-weight: normal;
}

.c5 {
  display: block;
  margin: 0.5555555555555556rem 2.2222222222222223rem 0.5555555555555556rem 3.0555555555555554rem;
  font-size: 0.9rem;
  font-weight: normal;
}

@media (min-width:62.5em) {
  .c4 {
    border-radius: 0.16666666666666666rem;
  }

  .c4:hover {
    background: rgba(20,20,20,0.1);
  }
}

<Nav>
  <div>
    <styled.nav>
      <styled.nav>
        <nav
          className="c0"
        >
          <SidebarMenu>
            <styled.div>
              <div
                className="c1"
              >
                <styled.div>
                  <div
                    className="c2"
                  >
                    <styled.h4>
                      <h4
                        className="c3"
                      >
                        <Link
                          href="/docs/basics"
                        >
                          <Link
                            href="/docs/basics"
                          >
                            <styled.a
                              href="/docs/basics"
                              onClick={[Function]}
                            >
                              <a
                                className="c4"
                                href="/docs/basics"
                                onClick={[Function]}
                              >
                                Basics
                              </a>
                            </styled.a>
                          </Link>
                        </Link>
                      </h4>
                    </styled.h4>
                    <styled.h5>
                      <h5
                        className="c5"
                      >
                        <styled.a
                          href="/docs/basics#motivation"
                        >
                          <a
                            className="c4"
                            href="/docs/basics#motivation"
                          >
                            Motivation
                          </a>
                        </styled.a>
                      </h5>
                    </styled.h5>
                    <styled.h5>
                      <h5
                        className="c5"
                      >
                        <styled.a
                          href="/docs/basics#installation"
                        >
                          <a
                            className="c4"
                            href="/docs/basics#installation"
                          >
                            Installation
                          </a>
                        </styled.a>
                      </h5>
                    </styled.h5>
                    <styled.h5>
                      <h5
                        className="c5"
                      >
                        <styled.a
                          href="/docs/basics#getting-started"
                        >
                          <a
                            className="c4"
                            href="/docs/basics#getting-started"
                          >
                            Getting Started
                          </a>
                        </styled.a>
                      </h5>
                    </styled.h5>
                    <styled.h5>
                      <h5
                        className="c5"
                      >
                        <styled.a
                          href="/docs/basics#passed-props"
                        >
                          <a
                            className="c4"
                            href="/docs/basics#passed-props"
                          >
                            Passed props
                          </a>
                        </styled.a>
                      </h5>
                    </styled.h5>
                    <styled.h5>
                      <h5
                        className="c5"
                      >
                        <styled.a
                          href="/docs/basics#adapting-based-on-props"
                        >
                          <a
                            className="c4"
                            href="/docs/basics#adapting-based-on-props"
                          >
                            Adapting based on props
                          </a>
                        </styled.a>
                      </h5>
                    </styled.h5>
                    <styled.h5>
                      <h5
                        className="c5"
                      >
                        <styled.a
                          href="/docs/basics#styling-any-components"
                        >
                          <a
                            className="c4"
                            href="/docs/basics#styling-any-components"
                          >
                            Styling any components
                          </a>
                        </styled.a>
                      </h5>
                    </styled.h5>
                    <styled.h5>
                      <h5
                        className="c5"
                      >
                        <styled.a
                          href="/docs/basics#extending-styles"
                        >
                          <a
                            className="c4"
                            href="/docs/basics#extending-styles"
                          >
                            Extending styles
                          </a>
                        </styled.a>
                      </h5>
                    </styled.h5>
                    <styled.h5>
                      <h5
                        className="c5"
                      >
                        <styled.a
                          href="/docs/basics#attaching-additional-props"
                        >
                          <a
                            className="c4"
                            href="/docs/basics#attaching-additional-props"
                          >
                            Attaching additional props
                          </a>
                        </styled.a>
                      </h5>
                    </styled.h5>
                    <styled.h5>
                      <h5
                        className="c5"
                      >
                        <styled.a
                          href="/docs/basics#animations"
                        >
                          <a
                            className="c4"
                            href="/docs/basics#animations"
                          >
                            Animations
                          </a>
                        </styled.a>
                      </h5>
                    </styled.h5>
                    <styled.h5>
                      <h5
                        className="c5"
                      >
                        <styled.a
                          href="/docs/basics#react-native"
                        >
                          <a
                            className="c4"
                            href="/docs/basics#react-native"
                          >
                            React Native
                          </a>
                        </styled.a>
                      </h5>
                    </styled.h5>
                  </div>
                </styled.div>
                <styled.div>
                  <div
                    className="c2"
                  >
                    <styled.h4>
                      <h4
                        className="c3"
                      >
                        <Link
                          href="/docs/advanced"
                        >
                          <Link
                            href="/docs/advanced"
                          >
                            <styled.a
                              href="/docs/advanced"
                              onClick={[Function]}
                            >
                              <a
                                className="c4"
                                href="/docs/advanced"
                                onClick={[Function]}
                              >
                                Advanced
                              </a>
                            </styled.a>
                          </Link>
                        </Link>
                      </h4>
                    </styled.h4>
                    <styled.h5>
                      <h5
                        className="c5"
                      >
                        <styled.a
                          href="/docs/advanced#theming"
                        >
                          <a
                            className="c4"
                            href="/docs/advanced#theming"
                          >
                            Theming
                          </a>
                        </styled.a>
                      </h5>
                    </styled.h5>
                    <styled.h5>
                      <h5
                        className="c5"
                      >
                        <styled.a
                          href="/docs/advanced#refs"
                        >
                          <a
                            className="c4"
                            href="/docs/advanced#refs"
                          >
                            Refs
                          </a>
                        </styled.a>
                      </h5>
                    </styled.h5>
                    <styled.h5>
                      <h5
                        className="c5"
                      >
                        <styled.a
                          href="/docs/advanced#security"
                        >
                          <a
                            className="c4"
                            href="/docs/advanced#security"
                          >
                            Security
                          </a>
                        </styled.a>
                      </h5>
                    </styled.h5>
                    <styled.h5>
                      <h5
                        className="c5"
                      >
                        <styled.a
                          href="/docs/advanced#existing-css"
                        >
                          <a
                            className="c4"
                            href="/docs/advanced#existing-css"
                          >
                            Existing CSS
                          </a>
                        </styled.a>
                      </h5>
                    </styled.h5>
                    <styled.h5>
                      <h5
                        className="c5"
                      >
                        <styled.a
                          href="/docs/advanced#media-templates"
                        >
                          <a
                            className="c4"
                            href="/docs/advanced#media-templates"
                          >
                            Media Templates
                          </a>
                        </styled.a>
                      </h5>
                    </styled.h5>
                    <styled.h5>
                      <h5
                        className="c5"
                      >
                        <styled.a
                          href="/docs/advanced#tagged-template-literals"
                        >
                          <a
                            className="c4"
                            href="/docs/advanced#tagged-template-literals"
                          >
                            Tagged Template Literals
                          </a>
                        </styled.a>
                      </h5>
                    </styled.h5>
                    <styled.h5>
                      <h5
                        className="c5"
                      >
                        <styled.a
                          href="/docs/advanced#server-side-rendering"
                        >
                          <a
                            className="c4"
                            href="/docs/advanced#server-side-rendering"
                          >
                            Server Side Rendering
                          </a>
                        </styled.a>
                      </h5>
                    </styled.h5>
                  </div>
                </styled.div>
                <styled.div>
                  <div
                    className="c2"
                  >
                    <styled.h4>
                      <h4
                        className="c3"
                      >
                        <Link
                          href="/docs/api"
                        >
                          <Link
                            href="/docs/api"
                          >
                            <styled.a
                              href="/docs/api"
                              onClick={[Function]}
                            >
                              <a
                                className="c4"
                                href="/docs/api"
                                onClick={[Function]}
                              >
                                API Reference
                              </a>
                            </styled.a>
                          </Link>
                        </Link>
                      </h4>
                    </styled.h4>
                    <styled.h5>
                      <h5
                        className="c5"
                      >
                        <styled.a
                          href="/docs/api#primary"
                        >
                          <a
                            className="c4"
                            href="/docs/api#primary"
                          >
                            Primary
                          </a>
                        </styled.a>
                      </h5>
                    </styled.h5>
                    <styled.h5>
                      <h5
                        className="c5"
                      >
                        <styled.a
                          href="/docs/api#helpers"
                        >
                          <a
                            className="c4"
                            href="/docs/api#helpers"
                          >
                            Helpers
                          </a>
                        </styled.a>
                      </h5>
                    </styled.h5>
                    <styled.h5>
                      <h5
                        className="c5"
                      >
                        <styled.a
                          href="/docs/api#supported-css"
                        >
                          <a
                            className="c4"
                            href="/docs/api#supported-css"
                          >
                            Supported CSS
                          </a>
                        </styled.a>
                      </h5>
                    </styled.h5>
                    <styled.h5>
                      <h5
                        className="c5"
                      >
                        <styled.a
                          href="/docs/api#flow"
                        >
                          <a
                            className="c4"
                            href="/docs/api#flow"
                          >
                            Flow
                          </a>
                        </styled.a>
                      </h5>
                    </styled.h5>
                    <styled.h5>
                      <h5
                        className="c5"
                      >
                        <styled.a
                          href="/docs/api#typescript"
                        >
                          <a
                            className="c4"
                            href="/docs/api#typescript"
                          >
                            TypeScript
                          </a>
                        </styled.a>
                      </h5>
                    </styled.h5>
                  </div>
                </styled.div>
                <styled.div>
                  <div
                    className="c2"
                  >
                    <styled.h4>
                      <h4
                        className="c3"
                      >
                        <Link
                          href="/docs/tooling"
                        >
                          <Link
                            href="/docs/tooling"
                          >
                            <styled.a
                              href="/docs/tooling"
                              onClick={[Function]}
                            >
                              <a
                                className="c4"
                                href="/docs/tooling"
                                onClick={[Function]}
                              >
                                Tooling
                              </a>
                            </styled.a>
                          </Link>
                        </Link>
                      </h4>
                    </styled.h4>
                    <styled.h5>
                      <h5
                        className="c5"
                      >
                        <styled.a
                          href="/docs/tooling#babel-plugin"
                        >
                          <a
                            className="c4"
                            href="/docs/tooling#babel-plugin"
                          >
                            Babel Plugin
                          </a>
                        </styled.a>
                      </h5>
                    </styled.h5>
                    <styled.h5>
                      <h5
                        className="c5"
                      >
                        <styled.a
                          href="/docs/tooling#test-utilities"
                        >
                          <a
                            className="c4"
                            href="/docs/tooling#test-utilities"
                          >
                            Test Utilities
                          </a>
                        </styled.a>
                      </h5>
                    </styled.h5>
                    <styled.h5>
                      <h5
                        className="c5"
                      >
                        <styled.a
                          href="/docs/tooling#stylelint"
                        >
                          <a
                            className="c4"
                            href="/docs/tooling#stylelint"
                          >
                            Stylelint
                          </a>
                        </styled.a>
                      </h5>
                    </styled.h5>
                  </div>
                </styled.div>
                <styled.div>
                  <div
                    className="c2"
                  >
                    <styled.h4>
                      <h4
                        className="c3"
                      >
                        <Link
                          href="/docs/faqs"
                        >
                          <Link
                            href="/docs/faqs"
                          >
                            <styled.a
                              href="/docs/faqs"
                              onClick={[Function]}
                            >
                              <a
                                className="c4"
                                href="/docs/faqs"
                                onClick={[Function]}
                              >
                                FAQs
                              </a>
                            </styled.a>
                          </Link>
                        </Link>
                      </h4>
                    </styled.h4>
                    <styled.h5>
                      <h5
                        className="c5"
                      >
                        <styled.a
                          href="/docs/faqs#can-i-nest-rules"
                        >
                          <a
                            className="c4"
                            href="/docs/faqs#can-i-nest-rules"
                          >
                            Can I nest rules?
                          </a>
                        </styled.a>
                      </h5>
                    </styled.h5>
                    <styled.h5>
                      <h5
                        className="c5"
                      >
                        <styled.a
                          href="/docs/faqs#can-i-refer-to-other-components"
                        >
                          <a
                            className="c4"
                            href="/docs/faqs#can-i-refer-to-other-components"
                          >
                            Can I refer to other components?
                          </a>
                        </styled.a>
                      </h5>
                    </styled.h5>
                    <styled.h5>
                      <h5
                        className="c5"
                      >
                        <styled.a
                          href="/docs/faqs#can-i-use-css-frameworks"
                        >
                          <a
                            className="c4"
                            href="/docs/faqs#can-i-use-css-frameworks"
                          >
                            Can I use css frameworks?
                          </a>
                        </styled.a>
                      </h5>
                    </styled.h5>
                  </div>
                </styled.div>
              </div>
            </styled.div>
          </SidebarMenu>
        </nav>
      </styled.nav>
    </styled.nav>
  </div>
</Nav>
`;
