// Jest Snapshot v1, https://goo.gl/fbAQLP

exports[`Logo renders correctly 1`] = `
.c0 {
  display: inline-block;
  box-sizing: border-box;
  width: 9.11111111111111rem;
  height: 2.2222222222222223rem;
  background-image: url(/static/nav-logo.png);
  background-position: center;
  background-size: contain;
}

<div
  className="c0"
/>
`;
