// Jest Snapshot v1, https://goo.gl/fbAQLP

exports[`Navbar renders correctly 1`] = `
.c8 {
  -webkit-flex: 0 0 auto;
  -ms-flex: 0 0 auto;
  flex: 0 0 auto;
  width: 0.2777777777777778rem;
  height: 0.2777777777777778rem;
  margin: 0 0.8333333333333334rem;
  border-radius: 50%;
  background: currentColor;
  opacity: 0.35;
}

.c6 {
  display: -webkit-box;
  display: -webkit-flex;
  display: -ms-flexbox;
  display: flex;
  -webkit-align-items: center;
  -webkit-box-align: center;
  -ms-flex-align: center;
  align-items: center;
  -webkit-flex: 0 0 auto;
  -ms-flex: 0 0 auto;
  flex: 0 0 auto;
}

.c7 {
  -webkit-flex: 0 0 auto;
  -ms-flex: 0 0 auto;
  flex: 0 0 auto;
  display: inline-block;
  line-height: 2.7777777777777777rem;
  -webkit-transition: opacity 0.2s,-webkit-transform 0.2s;
  -webkit-transition: opacity 0.2s,transform 0.2s;
  transition: opacity 0.2s,transform 0.2s;
  cursor: pointer;
  -webkit-letter-spacing: 0.022222222222222223rem;
  -moz-letter-spacing: 0.022222222222222223rem;
  -ms-letter-spacing: 0.022222222222222223rem;
  letter-spacing: 0.022222222222222223rem;
  color: currentColor;
}

.c7:hover,
.c7:focus {
  opacity: 0.8;
}

.c7:active {
  -webkit-transform: scale(0.95);
  -ms-transform: scale(0.95);
  transform: scale(0.95);
  opacity: 0.6;
}

.c20 {
  display: -webkit-box;
  display: -webkit-flex;
  display: -ms-flexbox;
  display: flex;
  -webkit-align-items: center;
  -webkit-box-align: center;
  -ms-flex-align: center;
  align-items: center;
  -webkit-flex: 1 1 auto;
  -ms-flex: 1 1 auto;
  flex: 1 1 auto;
}

.c21 {
  display: -webkit-box;
  display: -webkit-flex;
  display: -ms-flexbox;
  display: flex;
  margin-right: 1.1111111111111112rem;
  line-height: 2.7777777777777777rem;
  -webkit-transition: opacity 0.2s,-webkit-transform 0.2s;
  -webkit-transition: opacity 0.2s,transform 0.2s;
  transition: opacity 0.2s,transform 0.2s;
  cursor: pointer;
}

.c21:last-child {
  margin-right: 0;
}

.c21:hover,
.c21:focus {
  opacity: 0.8;
}

.c21:active {
  -webkit-transform: scale(0.95);
  -ms-transform: scale(0.95);
  transform: scale(0.95);
  opacity: 0.6;
}

.c21 svg path {
  fill: currentColor;
}

.c22 {
  width: 0.7777777777777778rem;
  height: 0.7777777777777778rem;
}

.c23.c23 {
  width: 1rem;
  height: 1rem;
}

.c5 {
  display: inline-block;
  vertical-align: middle;
  box-sizing: border-box;
  background-position: center;
  background-size: contain;
  background-image: url(/static/nav-logo.png);
  width: 9.11111111111111rem;
  height: 2.2222222222222223rem;
}

.c28 {
  display: inline-block;
  vertical-align: middle;
  box-sizing: border-box;
  background-position: center;
  background-size: contain;
  background-image: url(/static/icon.png);
  width: 5.555555555555555rem;
  height: 1.6666666666666667rem;
}

.c26 svg {
  display: inline-block;
}

.c26 svg path {
  fill: currentColor;
}

.c25 {
  background: none;
  outline: none;
  border: none;
  -webkit-flex: 0 0 auto;
  -ms-flex: 0 0 auto;
  flex: 0 0 auto;
  min-width: 2.7777777777777777rem;
  height: 2.7777777777777777rem;
  text-align: center;
  vertical-align: middle;
  cursor: pointer;
  background: rgba(0,0,0,0.07);
}

.c25:focus {
  border: 0.1111111111111111rem solid currentColor;
  border-radius: 0.1111111111111111rem;
}

.c29 {
  background: none;
  outline: none;
  border: none;
  -webkit-flex: 0 0 auto;
  -ms-flex: 0 0 auto;
  flex: 0 0 auto;
  min-width: 2.7777777777777777rem;
  height: 2.7777777777777777rem;
  text-align: center;
  vertical-align: middle;
  cursor: pointer;
}

.c29:focus {
  border: 0.1111111111111111rem solid currentColor;
  border-radius: 0.1111111111111111rem;
}

.c24 {
  display: none;
}

.c33 {
  position: absolute;
  top: 2.7777777777777777rem;
  left: 0;
  right: 0;
  height: 2.7777777777777777rem;
  display: -webkit-box;
  display: -webkit-flex;
  display: -ms-flexbox;
  display: flex;
  -webkit-flex-wrap: nowrap;
  -ms-flex-wrap: nowrap;
  flex-wrap: nowrap;
  -webkit-align-items: center;
  -webkit-box-align: center;
  -ms-flex-align: center;
  align-items: center;
  -webkit-box-pack: justify;
  -webkit-justify-content: space-between;
  -ms-flex-pack: justify;
  justify-content: space-between;
  padding: 0 1.1111111111111112rem;
  -webkit-transition: height 0.1s;
  transition: height 0.1s;
  -webkit-user-select: none;
  -moz-user-select: none;
  -ms-user-select: none;
  user-select: none;
  -webkit-overflow-scrolling: touch;
  overflow-x: scroll;
  overflow-y: hidden;
  background: #efefef;
  color: #868686;
}

.c27 {
  display: inline-block;
  vertical-align: center;
}

.c31 {
  -webkit-transition: -webkit-transform 0.1s;
  -webkit-transition: transform 0.1s;
  transition: transform 0.1s;
  -webkit-transform-origin: 50% 55%;
  -ms-transform-origin: 50% 55%;
  transform-origin: 50% 55%;
  -webkit-transform: rotate(180deg);
  -ms-transform: rotate(180deg);
  transform: rotate(180deg);
}

.c34 {
  padding-right: 1.1111111111111112rem;
}

.c30.c30 {
  width: 1.1111111111111112rem;
  height: 1.1111111111111112rem;
}

.c32.c32 {
  width: 1.6666666666666667rem;
  height: 1.6666666666666667rem;
}

.c15 {
  display: -webkit-box;
  display: -webkit-flex;
  display: -ms-flexbox;
  display: flex;
  -webkit-align-items: center;
  -webkit-box-align: center;
  -ms-flex-align: center;
  align-items: center;
  -webkit-box-pack: start;
  -webkit-justify-content: flex-start;
  -ms-flex-pack: start;
  justify-content: flex-start;
  -webkit-flex: 0 0 auto;
  -ms-flex: 0 0 auto;
  flex: 0 0 auto;
}

.c18 {
  background: none;
  outline: none;
  border: none;
  -webkit-flex: 0 0 auto;
  -ms-flex: 0 0 auto;
  flex: 0 0 auto;
  width: 7.222222222222222rem;
  line-height: 1.6666666666666667rem;
  font-size: 0.8333333333333334rem;
  color: currentColor;
}

.c18::-webkit-input-placeholder {
  color: currentColor;
  opacity: 0.5;
}

.c18::-moz-placeholder {
  color: currentColor;
  opacity: 0.5;
}

.c18:-ms-input-placeholder {
  color: currentColor;
  opacity: 0.5;
}

.c18::placeholder {
  color: currentColor;
  opacity: 0.5;
}

.c18:focus {
  border-bottom: 1px solid currentColor;
}

.c16 {
  background: none;
  outline: none;
  border: none;
  -webkit-flex: 0 0 auto;
  -ms-flex: 0 0 auto;
  flex: 0 0 auto;
  background: none;
  outline: none;
  border: none;
  -webkit-flex: 0 0 auto;
  -ms-flex: 0 0 auto;
  flex: 0 0 auto;
  margin-right: 0.2222222222222222rem;
  cursor: pointer;
  display: -webkit-box;
  display: -webkit-flex;
  display: -ms-flexbox;
  display: flex;
}

.c16:hover,
.c16:focus {
  opacity: 0.7;
  -webkit-filter: drop-shadow(0 1px 2px rgba(0,0,0,0.2));
  filter: drop-shadow(0 1px 2px rgba(0,0,0,0.2));
}

.c16:active {
  background: rgba(0,0,0,0.1);
}

.c16 .c17 {
  width: 1.1111111111111112rem;
  height: 1.1111111111111112rem;
}

.c16 .c17 path {
  fill: currentColor;
}

.c0 {
  position: fixed;
  left: 0;
  box-sizing: border-box;
  z-index: 3;
  width: 100%;
  height: 2.7777777777777777rem;
  font-family: "Avenir Next",-apple-system,BlinkMacSystemFont,"Segoe UI",Helvetica,Arial,sans-serif,"Apple Color Emoji","Segoe UI Emoji","Segoe UI Symbol";
  font-size: 0.8333333333333334rem;
  font-weight: 500;
  background: rgb(219,112,147);
  -webkit-transition: background 300ms ease-out;
  transition: background 300ms ease-out;
  color: white;
}

.c3 {
  display: -webkit-box;
  display: -webkit-flex;
  display: -ms-flexbox;
  display: flex;
  -webkit-align-items: center;
  -webkit-box-align: center;
  -ms-flex-align: center;
  align-items: center;
  -webkit-box-pack: start;
  -webkit-justify-content: flex-start;
  -ms-flex-pack: start;
  justify-content: flex-start;
}

.c10 {
  display: -webkit-box;
  display: -webkit-flex;
  display: -ms-flexbox;
  display: flex;
  -webkit-align-items: center;
  -webkit-box-align: center;
  -ms-flex-align: center;
  align-items: center;
  -webkit-box-pack: end;
  -webkit-justify-content: flex-end;
  -ms-flex-pack: end;
  justify-content: flex-end;
}

.c1 {
  display: -webkit-box;
  display: -webkit-flex;
  display: -ms-flexbox;
  display: flex;
  -webkit-align-items: center;
  -webkit-box-align: center;
  -ms-flex-align: center;
  align-items: center;
  padding: 0 1.1111111111111112rem;
  -webkit-box-pack: justify;
  -webkit-justify-content: space-between;
  -ms-flex-pack: justify;
  justify-content: space-between;
}

.c14 {
  width: 1.1111111111111112rem;
  height: 1.1111111111111112rem;
  color: rgb(219,112,147);
}

.c13 {
  display: none;
  color: currentColor;
}

.c4 {
  display: inline-block;
  vertical-align: center;
  margin-right: 1.9444444444444444rem;
}

@media (max-width:62.5em) {
  .c24 {
    display: -webkit-box;
    display: -webkit-flex;
    display: -ms-flexbox;
    display: flex;
    -webkit-align-items: center;
    -webkit-box-align: center;
    -ms-flex-align: center;
    align-items: center;
    -webkit-box-pack: justify;
    -webkit-justify-content: space-between;
    -ms-flex-pack: justify;
    justify-content: space-between;
    height: 2.7777777777777777rem;
  }
}

@media (max-width:62.5em) {
  .c15 {
    display: block;
    padding: 0.5555555555555556rem;
  }

  .c15 span.algolia-autocomplete {
    display: block !important;
  }

  .c15 span.ds-dropdown-menu::before {
    display: none;
  }
}

@media (max-width:62.5em) {
  .c18 {
    padding-left: 2.2222222222222223rem;
    display: block;
    width: 100%;
    border: 1px solid rgba(20,20,20,0.1);
    border-radius: 0.16666666666666666rem;
    background: #282a36;
    color: white;
  }

  .c18:focus {
    border-bottom: 1px solid rgba(20,20,20,0.1);
  }
}

@media (max-width:62.5em) {
  .c16 {
    position: absolute;
    height: 1.8888888888888888rem;
    display: -webkit-box;
    display: -webkit-flex;
    display: -ms-flexbox;
    display: flex;
    -webkit-align-items: center;
    -webkit-box-align: center;
    -ms-flex-align: center;
    align-items: center;
    -webkit-box-pack: center;
    -webkit-justify-content: center;
    -ms-flex-pack: center;
    justify-content: center;
    width: 1.8888888888888888rem;
    z-index: 1;
    background: #282a36;
    color: white;
    border-radius: 0.16666666666666666rem;
  }
}

@media (max-width:62.5em) {
  .c1 .c2,
  .c1 .c9 .c19 {
    display: none;
  }
}

@media (max-width:62.5em) {
  .c12 {
    background: currentColor;
    box-shadow: 0 1px 6px -2px black;
    position: absolute;
    top: 1.1111111111111112rem;
    left: 50%;
    border-radius: 0.16666666666666666rem;
    -webkit-transform: translate(-50%,0);
    -ms-transform: translate(-50%,0);
    transform: translate(-50%,0);
    width: 22.22222222222222rem;
  }
}

@media (max-width:62.5em) {
  .c13 {
    display: block;
  }

  .c13 button {
    position: absolute;
    left: 100%;
    top: 0;
    border: none;
    cursor: pointer;
    box-shadow: 0 1px 6px -2px black;
    -webkit-transform: translate(-50%,-50%);
    -ms-transform: translate(-50%,-50%);
    transform: translate(-50%,-50%);
    border-radius: 50%;
    color: #daa357;
    display: -webkit-box;
    display: -webkit-flex;
    display: -ms-flexbox;
    display: flex;
    background: #fff;
  }
}

@media (max-width:62.5em) {
  .c11 {
    position: fixed;
    top: 0;
    z-index: 1;
    left: 0;
    display: none;
    height: 100%;
    width: 100%;
    background: #efefef;
  }

  .c11 .algolia-autocomplete .ds-dropdown-menu {
    position: static !important;
    display: block;
    max-width: 100%;
    min-width: 0;
  }
}

<nav
  className="c0"
>
  <div
    className="c1"
  >
    <div
      className="c2 c3"
    >
      <a
        className="c4"
        href="/"
        onClick={[Function]}
      >
        <div
          className="c5"
        />
      </a>
      <nav
        className="c6"
      >
        <a
          className="c7"
          href="/docs"
          onClick={[Function]}
        >
          Documentation
        </a>
        <span
          className="c8"
        />
        <a
          className="c7"
          href="/ecosystem"
          onClick={[Function]}
        >
          Ecosystem
        </a>
        <span
          className="c8"
        />
        <a
          className="c7"
          href="/releases"
          onClick={[Function]}
        >
          Releases
        </a>
      </nav>
    </div>
    <div
      className="c9 c10"
    >
      <div
        className="c11"
        onClick={[Function]}
      >
        <div
          className="c12"
        >
          <div
            className="c13"
          >
            <button
              onClick={[Function]}
            >
              <svg
                aria-hidden="true"
                className="svg-inline--fa fa-times fa-w-11 c14"
                data-icon="times"
                data-prefix="fas"
                role="img"
                style={Object {}}
                viewBox="0 0 352 512"
                xmlns="http://www.w3.org/2000/svg"
              >
                <path
                  d="M242.72 256l100.07-100.07c12.28-12.28 12.28-32.19 0-44.48l-22.24-22.24c-12.28-12.28-32.19-12.28-44.48 0L176 189.28 75.93 89.21c-12.28-12.28-32.19-12.28-44.48 0L9.21 111.45c-12.28 12.28-12.28 32.19 0 44.48L109.28 256 9.21 356.07c-12.28 12.28-12.28 32.19 0 44.48l22.24 22.24c12.28 12.28 32.2 12.28 44.48 0L176 322.72l100.07 100.07c12.28 12.28 32.2 12.28 44.48 0l22.24-22.24c12.28-12.28 12.28-32.19 0-44.48L242.72 256z"
                  fill="currentColor"
                  style={Object {}}
                />
              </svg>
            </button>
          </div>
          <div>
            <form
              className="c15"
            >
              <label
                className="c16"
                for="docs-search-input"
              >
                <svg
                  aria-hidden="true"
                  className="svg-inline--fa fa-search fa-w-16 c17 "
                  data-icon="search"
                  data-prefix="fas"
                  role="img"
                  style={Object {}}
                  viewBox="0 0 512 512"
                  xmlns="http://www.w3.org/2000/svg"
                >
                  <path
                    d="M505 442.7L405.3 343c-4.5-4.5-10.6-7-17-7H372c27.6-35.3 44-79.7 44-128C416 93.1 322.9 0 208 0S0 93.1 0 208s93.1 208 208 208c48.3 0 92.7-16.4 128-44v16.3c0 6.4 2.5 12.5 7 17l99.7 99.7c9.4 9.4 24.6 9.4 33.9 0l28.3-28.3c9.4-9.4 9.4-24.6.1-34zM208 336c-70.7 0-128-57.2-128-128 0-70.7 57.2-128 128-128 70.7 0 128 57.2 128 128 0 70.7-57.2 128-128 128z"
                    fill="currentColor"
                    style={Object {}}
                  />
                </svg>
              </label>
              <input
                className="c18"
                id="docs-search-input"
                placeholder="Search docs ..."
              />
            </form>
          </div>
        </div>
      </div>
      <nav
        className="c19 c20"
      >
        <a
          className="c21"
          href="https://spectrum.chat/styled-components/"
          onClick={[Function]}
        >
          <svg
            className="c22"
            height="14"
            viewBox="0 0 15 15"
            width="14"
          >
            <title>
              spectrum
            </title>
            <path
              d="M0 6.5V1c0-.6.4-1 1-1 9 .3 13.7 5 14 14 0 .6-.4 1-1 1H8.5c-.6 0-1-.4-1-1-.3-4.4-2-6.2-6.5-6.5-.6 0-1-.4-1-1z"
              fill="#FFF"
            />
          </svg>
        </a>
        <a
          className="c21"
          href="https://github.com/styled-components"
          onClick={[Function]}
        >
          <svg
            aria-hidden="true"
            className="svg-inline--fa fa-github fa-w-16 c23"
            data-icon="github"
            data-prefix="fab"
            height="18"
            role="img"
            style={Object {}}
            viewBox="0 0 496 512"
            width="18"
            xmlns="http://www.w3.org/2000/svg"
          >
            <path
              d="M165.9 397.4c0 2-2.3 3.6-5.2 3.6-3.3.3-5.6-1.3-5.6-3.6 0-2 2.3-3.6 5.2-3.6 3-.3 5.6 1.3 5.6 3.6zm-31.1-4.5c-.7 2 1.3 4.3 4.3 4.9 2.6 1 5.6 0 6.2-2s-1.3-4.3-4.3-5.2c-2.6-.7-5.5.3-6.2 2.3zm44.2-1.7c-2.9.7-4.9 2.6-4.6 4.9.3 2 2.9 3.3 5.9 2.6 2.9-.7 4.9-2.6 4.6-4.6-.3-1.9-3-3.2-5.9-2.9zM244.8 8C106.1 8 0 113.3 0 252c0 110.9 69.8 205.8 169.5 239.2 12.8 2.3 17.3-5.6 17.3-12.1 0-6.2-.3-40.4-.3-61.4 0 0-70 15-84.7-29.8 0 0-11.4-29.1-27.8-36.6 0 0-22.9-15.7 1.6-15.4 0 0 24.9 2 38.6 25.8 21.9 38.6 58.6 27.5 72.9 20.9 2.3-16 8.8-27.1 16-33.7-55.9-6.2-112.3-14.3-112.3-110.5 0-27.5 7.6-41.3 23.6-58.9-2.6-6.5-11.1-33.3 2.6-67.9 20.9-6.5 69 27 69 27 20-5.6 41.5-8.5 62.8-8.5s42.8 2.9 62.8 8.5c0 0 48.1-33.6 69-27 13.7 34.7 5.2 61.4 2.6 67.9 16 17.7 25.8 31.5 25.8 58.9 0 96.5-58.9 104.2-114.8 110.5 9.2 7.9 17 22.9 17 46.4 0 33.7-.3 75.4-.3 83.6 0 6.5 4.6 14.4 17.3 12.1C428.2 457.8 496 362.9 496 252 496 113.3 383.5 8 244.8 8zM97.2 352.9c-1.3 1-1 3.3.7 5.2 1.6 1.6 3.9 2.3 5.2 1 1.3-1 1-3.3-.7-5.2-1.6-1.6-3.9-2.3-5.2-1zm-10.8-8.1c-.7 1.3.3 2.9 2.3 3.9 1.6 1 3.6.7 4.3-.7.7-1.3-.3-2.9-2.3-3.9-2-.6-3.6-.3-4.3.7zm32.4 35.6c-1.6 1.3-1 4.3 1.3 6.2 2.3 2.3 5.2 2.6 6.5 1 1.3-1.3.7-4.3-1.3-6.2-2.2-2.3-5.2-2.6-6.5-1zm-11.4-14.7c-1.6 1-1.6 3.6 0 5.9 1.6 2.3 4.3 3.3 5.6 2.3 1.6-1.3 1.6-3.9 0-6.2-1.4-2.3-4-3.3-5.6-2z"
              fill="currentColor"
              style={Object {}}
            />
          </svg>
        </a>
        <a
          className="c21"
          href="https://medium.com/styled-components"
          onClick={[Function]}
        >
          <svg
            aria-hidden="true"
            className="svg-inline--fa fa-medium-m fa-w-16 c23"
            data-icon="medium-m"
            data-prefix="fab"
            height="18"
            role="img"
            style={Object {}}
            viewBox="0 0 512 512"
            width="18"
            xmlns="http://www.w3.org/2000/svg"
          >
            <path
              d="M71.5 142.3c.6-5.9-1.7-11.8-6.1-15.8L20.3 72.1V64h140.2l108.4 237.7L364.2 64h133.7v8.1l-38.6 37c-3.3 2.5-5 6.7-4.3 10.8v272c-.7 4.1 1 8.3 4.3 10.8l37.7 37v8.1H307.3v-8.1l39.1-37.9c3.8-3.8 3.8-5 3.8-10.8V171.2L241.5 447.1h-14.7L100.4 171.2v184.9c-1.1 7.8 1.5 15.6 7 21.2l50.8 61.6v8.1h-144v-8L65 377.3c5.4-5.6 7.9-13.5 6.5-21.2V142.3z"
              fill="currentColor"
              style={Object {}}
            />
          </svg>
        </a>
      </nav>
    </div>
  </div>
  <div
    className="c24"
  >
    <button
      className="c25"
    >
      <svg
        className="c26"
        height="15"
        width="15"
        xmlns="http://www.w3.org/2000/svg"
        xmlnsXlink="http://www.w3.org/1999/xlink"
      >
        <title>
          close
        </title>
        <use
          fill="#FFF"
          transform="translate(1 1)"
          xlinkHref="#close"
        />
        <defs>
          <path
            d="M-.7.7l13 13 1.4-1.4-13-13L-.7.7zm13-1.4l-13 13 1.4 1.4 13-13-1.4-1.4z"
            id="close"
          />
        </defs>
      </svg>
    </button>
    <a
      aria-label="styled components"
      className="c27"
      href="/"
      onClick={[Function]}
    >
      <div
        className="c28"
      />
    </a>
    <div>
      <button
        className="c29"
        onClick={[Function]}
      >
        <svg
          aria-hidden="true"
          className="svg-inline--fa fa-search fa-w-16 c30"
          data-icon="search"
          data-prefix="fas"
          role="img"
          style={Object {}}
          viewBox="0 0 512 512"
          xmlns="http://www.w3.org/2000/svg"
        >
          <path
            d="M505 442.7L405.3 343c-4.5-4.5-10.6-7-17-7H372c27.6-35.3 44-79.7 44-128C416 93.1 322.9 0 208 0S0 93.1 0 208s93.1 208 208 208c48.3 0 92.7-16.4 128-44v16.3c0 6.4 2.5 12.5 7 17l99.7 99.7c9.4 9.4 24.6 9.4 33.9 0l28.3-28.3c9.4-9.4 9.4-24.6.1-34zM208 336c-70.7 0-128-57.2-128-128 0-70.7 57.2-128 128-128 70.7 0 128 57.2 128 128 0 70.7-57.2 128-128 128z"
            fill="currentColor"
            style={Object {}}
          />
        </svg>
      </button>
      <button
        className="c25"
      >
        <div
          className="c31"
        >
          <svg
            aria-hidden="true"
            className="svg-inline--fa fa-angle-down fa-w-10 fa-30 c32"
            data-icon="angle-down"
            data-prefix="fas"
            role="img"
            style={Object {}}
            viewBox="0 0 320 512"
            xmlns="http://www.w3.org/2000/svg"
          >
            <path
              d="M143 352.3L7 216.3c-9.4-9.4-9.4-24.6 0-33.9l22.6-22.6c9.4-9.4 24.6-9.4 33.9 0l96.4 96.4 96.4-96.4c9.4-9.4 24.6-9.4 33.9 0l22.6 22.6c9.4 9.4 9.4 24.6 0 33.9l-136 136c-9.2 9.4-24.4 9.4-33.8 0z"
              fill="currentColor"
              style={Object {}}
            />
          </svg>
        </div>
      </button>
    </div>
    <div
      className="c33"
    >
      <nav
        className="c6"
      >
        <a
          className="c7"
          href="/docs"
          onClick={[Function]}
        >
          Documentation
        </a>
        <span
          className="c8"
        />
        <a
          className="c7"
          href="/ecosystem"
          onClick={[Function]}
        >
          Ecosystem
        </a>
        <span
          className="c8"
        />
        <a
          className="c7"
          href="/releases"
          onClick={[Function]}
        >
          Releases
        </a>
      </nav>
      <span
        className="c8"
      />
      <div
        className="c34"
      >
        <nav
          className="c20"
        >
          <a
            className="c21"
            href="https://spectrum.chat/styled-components/"
            onClick={[Function]}
          >
            <svg
              className="c22"
              height="14"
              viewBox="0 0 15 15"
              width="14"
            >
              <title>
                spectrum
              </title>
              <path
                d="M0 6.5V1c0-.6.4-1 1-1 9 .3 13.7 5 14 14 0 .6-.4 1-1 1H8.5c-.6 0-1-.4-1-1-.3-4.4-2-6.2-6.5-6.5-.6 0-1-.4-1-1z"
                fill="#FFF"
              />
            </svg>
          </a>
          <a
            className="c21"
            href="https://github.com/styled-components"
            onClick={[Function]}
          >
            <svg
              aria-hidden="true"
              className="svg-inline--fa fa-github fa-w-16 c23"
              data-icon="github"
              data-prefix="fab"
              height="18"
              role="img"
              style={Object {}}
              viewBox="0 0 496 512"
              width="18"
              xmlns="http://www.w3.org/2000/svg"
            >
              <path
                d="M165.9 397.4c0 2-2.3 3.6-5.2 3.6-3.3.3-5.6-1.3-5.6-3.6 0-2 2.3-3.6 5.2-3.6 3-.3 5.6 1.3 5.6 3.6zm-31.1-4.5c-.7 2 1.3 4.3 4.3 4.9 2.6 1 5.6 0 6.2-2s-1.3-4.3-4.3-5.2c-2.6-.7-5.5.3-6.2 2.3zm44.2-1.7c-2.9.7-4.9 2.6-4.6 4.9.3 2 2.9 3.3 5.9 2.6 2.9-.7 4.9-2.6 4.6-4.6-.3-1.9-3-3.2-5.9-2.9zM244.8 8C106.1 8 0 113.3 0 252c0 110.9 69.8 205.8 169.5 239.2 12.8 2.3 17.3-5.6 17.3-12.1 0-6.2-.3-40.4-.3-61.4 0 0-70 15-84.7-29.8 0 0-11.4-29.1-27.8-36.6 0 0-22.9-15.7 1.6-15.4 0 0 24.9 2 38.6 25.8 21.9 38.6 58.6 27.5 72.9 20.9 2.3-16 8.8-27.1 16-33.7-55.9-6.2-112.3-14.3-112.3-110.5 0-27.5 7.6-41.3 23.6-58.9-2.6-6.5-11.1-33.3 2.6-67.9 20.9-6.5 69 27 69 27 20-5.6 41.5-8.5 62.8-8.5s42.8 2.9 62.8 8.5c0 0 48.1-33.6 69-27 13.7 34.7 5.2 61.4 2.6 67.9 16 17.7 25.8 31.5 25.8 58.9 0 96.5-58.9 104.2-114.8 110.5 9.2 7.9 17 22.9 17 46.4 0 33.7-.3 75.4-.3 83.6 0 6.5 4.6 14.4 17.3 12.1C428.2 457.8 496 362.9 496 252 496 113.3 383.5 8 244.8 8zM97.2 352.9c-1.3 1-1 3.3.7 5.2 1.6 1.6 3.9 2.3 5.2 1 1.3-1 1-3.3-.7-5.2-1.6-1.6-3.9-2.3-5.2-1zm-10.8-8.1c-.7 1.3.3 2.9 2.3 3.9 1.6 1 3.6.7 4.3-.7.7-1.3-.3-2.9-2.3-3.9-2-.6-3.6-.3-4.3.7zm32.4 35.6c-1.6 1.3-1 4.3 1.3 6.2 2.3 2.3 5.2 2.6 6.5 1 1.3-1.3.7-4.3-1.3-6.2-2.2-2.3-5.2-2.6-6.5-1zm-11.4-14.7c-1.6 1-1.6 3.6 0 5.9 1.6 2.3 4.3 3.3 5.6 2.3 1.6-1.3 1.6-3.9 0-6.2-1.4-2.3-4-3.3-5.6-2z"
                fill="currentColor"
                style={Object {}}
              />
            </svg>
          </a>
          <a
            className="c21"
            href="https://medium.com/styled-components"
            onClick={[Function]}
          >
            <svg
              aria-hidden="true"
              className="svg-inline--fa fa-medium-m fa-w-16 c23"
              data-icon="medium-m"
              data-prefix="fab"
              height="18"
              role="img"
              style={Object {}}
              viewBox="0 0 512 512"
              width="18"
              xmlns="http://www.w3.org/2000/svg"
            >
              <path
                d="M71.5 142.3c.6-5.9-1.7-11.8-6.1-15.8L20.3 72.1V64h140.2l108.4 237.7L364.2 64h133.7v8.1l-38.6 37c-3.3 2.5-5 6.7-4.3 10.8v272c-.7 4.1 1 8.3 4.3 10.8l37.7 37v8.1H307.3v-8.1l39.1-37.9c3.8-3.8 3.8-5 3.8-10.8V171.2L241.5 447.1h-14.7L100.4 171.2v184.9c-1.1 7.8 1.5 15.6 7 21.2l50.8 61.6v8.1h-144v-8L65 377.3c5.4-5.6 7.9-13.5 6.5-21.2V142.3z"
                fill="currentColor"
                style={Object {}}
              />
            </svg>
          </a>
        </nav>
      </div>
    </div>
  </div>
</nav>
`;
