// Jest Snapshot v1, https://goo.gl/fbAQLP

exports[`NavSeparator renders correctly 1`] = `
<span
  className="lnegGh"
/>
`;
