// Jest Snapshot v1, https://goo.gl/fbAQLP

exports[`Sidebar renders correctly 1`] = `
.c0 {
  position: fixed;
  -webkit-transform: translateZ(0);
  -ms-transform: translateZ(0);
  transform: translateZ(0);
  display: block;
  z-index: 5;
  font-family: "Avenir Next",-apple-system,BlinkMacSystemFont,"Segoe UI",Helvetica,Arial,sans-serif,"Apple Color Emoji","Segoe UI Emoji","Segoe UI Symbol";
  left: 0;
  top: 0;
  bottom: 0;
  right: auto;
  width: 16.666666666666668rem;
  height: 100%;
  background: #efefef;
  box-sizing: border-box;
  color: inherit;
  overflow-y: scroll;
  -webkit-transition: -webkit-transform 150ms ease-out;
  -webkit-transition: transform 150ms ease-out;
  transition: transform 150ms ease-out;
}

<styled.nav>
  <styled.nav>
    <nav
      className="c0"
    />
  </styled.nav>
</styled.nav>
`;
