// Jest Snapshot v1, https://goo.gl/fbAQLP

exports[`DocsSidebarMenu renders correctly 1`] = `
<div
  className="bRbiac"
>
  <div
    className="gYBHTU"
  >
    <h4
      className="iqGpQY"
      onClick={[Function]}
    >
      <a
        className="tCIOJ"
        href="/docs/basics"
        onClick={[Function]}
      >
        Basics
      </a>
    </h4>
  </div>
  <div
    className="gYBHTU"
  >
    <h4
      className="iqGpQY"
      onClick={[Function]}
    >
      <a
        className="tCIOJ"
        href="/docs/advanced"
        onClick={[Function]}
      >
        Advanced
      </a>
    </h4>
  </div>
  <div
    className="gYBHTU"
  >
    <h4
      className="iqGpQY"
      onClick={[Function]}
    >
      <a
        className="tCIOJ"
        href="/docs/api"
        onClick={[Function]}
      >
        API Reference
      </a>
    </h4>
  </div>
  <div
    className="gYBHTU"
  >
    <h4
      className="iqGpQY"
      onClick={[Function]}
    >
      <a
        className="tCIOJ"
        href="/docs/tooling"
        onClick={[Function]}
      >
        Tooling
      </a>
    </h4>
  </div>
  <div
    className="gYBHTU"
  >
    <h4
      className="iqGpQY"
      onClick={[Function]}
    >
      <a
        className="tCIOJ"
        href="/docs/faqs"
        onClick={[Function]}
      >
        FAQs
      </a>
    </h4>
  </div>
</div>
`;

exports[`SimpleSidebarMenu renders correctly 1`] = `
<div
  className="bRbiac"
/>
`;
