// Jest Snapshot v1, https://goo.gl/fbAQLP

exports[`Anchor renders correctly 1`] = `
.c1 {
  font-size: 1.7777777777777777rem;
  font-weight: 500;
  font-family: "Avenir Next",-apple-system,BlinkMacSystemFont,"Segoe UI",Helvetica,Arial,sans-serif,"Apple Color Emoji","Segoe UI Emoji","Segoe UI Symbol";
}

.c2 {
  position: relative;
  display: block;
  visibility: hidden;
  height: 0;
  top: -3.888888888888889rem;
}

.c4 {
  display: none;
  position: absolute;
  left: 0;
  color: inherit;
}

.c5 {
  width: 1.1111111111111112rem;
  opacity: 0.7;
  margin-top: -0.2777777777777778rem;
}

.c5:hover {
  opacity: 0.9;
}

.c0 {
  position: relative;
  padding-left: 1.6666666666666667rem;
}

.c0.c0 {
  margin-left: -1.6666666666666667rem;
}

.c0:hover .c3 {
  display: inline-block;
}

@media (max-width:62.5em) {
  .c2 {
    top: -5rem;
  }
}

@media (max-width:62.5em) {
  .c0 {
    margin-left: 0;
  }

  .c0 .c3 {
    display: inline-block;
  }
}

<h2
  className="c0 c1"
>
  <div
    aria-hidden={true}
    className="c2"
  />
  <a
    className="c3 c4"
    href="#undefined"
  >
    <svg
      className="c5"
      height={null}
      width={null}
    />
  </a>
</h2>
`;
