// Jest Snapshot v1, https://goo.gl/fbAQLP

exports[`Code renders correctly 1`] = `
<span
  className="kSDCZh"
/>
`;
