// Jest Snapshot v1, https://goo.gl/fbAQLP

exports[`DocsLayout renders correctly 1`] = `
.c13 {
  display: inline-block;
  text-decoration: none;
  color: inherit;
  cursor: pointer;
  padding: 0.1111111111111111rem 0.4444444444444444rem;
  margin: -0.1111111111111111rem -0.4444444444444444rem;
}

.c7 {
  width: 0.2777777777777778rem;
  height: 0.2777777777777778rem;
  margin: 0 0.8333333333333334rem;
  border-radius: 50%;
  background: rgba(255,255,255,0.35);
}

.c5 {
  display: -webkit-box;
  display: -webkit-flex;
  display: -ms-flexbox;
  display: flex;
  -webkit-align-items: center;
  -webkit-box-align: center;
  -ms-flex-align: center;
  align-items: center;
}

.c6 {
  display: inline-block;
  line-height: 2.7777777777777777rem;
  -webkit-transition: opacity 200ms,transfrom 200ms;
  transition: opacity 200ms,transfrom 200ms;
  cursor: pointer;
  -webkit-letter-spacing: 0.022222222222222223rem color:currentColor;
  -moz-letter-spacing: 0.022222222222222223rem color:currentColor;
  -ms-letter-spacing: 0.022222222222222223rem color:currentColor;
  letter-spacing: 0.022222222222222223rem color:currentColor;
}

.c6:hover,
.c6:focus {
  opacity: 0.8;
}

.c6:active {
  -webkit-transform: scale(0.95);
  -ms-transform: scale(0.95);
  transform: scale(0.95);
  opacity: 0.6;
}

.c4 {
  display: inline-block;
  vertical-align: middle;
  box-sizing: border-box;
  width: 9.11111111111111rem;
  height: 2.2222222222222223rem;
  background-image: url(/static/nav-logo.png);
  background-position: center;
  background-size: contain;
}

.c1 {
  position: fixed;
  left: 0;
  box-sizing: border-box;
  z-index: 3;
  display: -webkit-box;
  display: -webkit-flex;
  display: -ms-flexbox;
  display: flex;
  -webkit-align-items: center;
  -webkit-box-align: center;
  -ms-flex-align: center;
  align-items: center;
  -webkit-box-pack: space-between;
  -webkit-justify-content: space-between;
  -ms-flex-pack: space-between;
  justify-content: space-between;
  width: 100%;
  height: 2.7777777777777777rem;
  padding: 0 1.1111111111111112rem;
  font-family: "Avenir Next",-apple-system,BlinkMacSystemFont,"Segoe UI",Helvetica,Arial,sans-serif,"Apple Color Emoji","Segoe UI Emoji","Segoe UI Symbol";
  font-size: 0.8333333333333334rem;
  font-weight: 500;
  background: rgb(219,112,147);
  color: white;
}

.c2 {
  display: -webkit-box;
  display: -webkit-flex;
  display: -ms-flexbox;
  display: flex;
  -webkit-align-items: center;
  -webkit-box-align: center;
  -ms-flex-align: center;
  align-items: center;
  -webkit-box-pack: start;
  -webkit-justify-content: flex-start;
  -ms-flex-pack: start;
  justify-content: flex-start;
}

.c8 {
  display: -webkit-box;
  display: -webkit-flex;
  display: -ms-flexbox;
  display: flex;
  -webkit-align-items: center;
  -webkit-box-align: center;
  -ms-flex-align: center;
  align-items: center;
  -webkit-box-pack: end;
  -webkit-justify-content: flex-end;
  -ms-flex-pack: end;
  justify-content: flex-end;
}

.c3 {
  display: inline-block;
  vertical-align: center;
  margin-right: 1.9444444444444444rem;
}

.c9 {
  position: fixed;
  -webkit-transform: translateZ(0);
  -ms-transform: translateZ(0);
  transform: translateZ(0);
  display: block;
  z-index: 1;
  font-family: "Avenir Next",-apple-system,BlinkMacSystemFont,"Segoe UI",Helvetica,Arial,sans-serif,"Apple Color Emoji","Segoe UI Emoji","Segoe UI Symbol";
  left: 0;
  top: 2.7777777777777777rem;
  bottom: 0;
  right: auto;
  width: 16.666666666666668rem;
  height: 100%;
  background: #efefef;
  box-sizing: border-box;
  color: inherit;
  overflow-y: scroll;
  -webkit-transition: -webkit-transform 150ms ease-out;
  -webkit-transition: transform 150ms ease-out;
  transition: transform 150ms ease-out;
}

.c10 {
  display: block;
  box-sizing: border-box;
  height: 100%;
  padding-top: 1.3888888888888888rem;
}

.c11 {
  margin-bottom: 1.6666666666666667rem;
}

.c12 {
  display: block;
  margin: 0.5555555555555556rem 2.2222222222222223rem;
  font-weight: normal;
}

.c14 {
  display: block;
  margin: 0.5555555555555556rem 2.2222222222222223rem 0.5555555555555556rem 3.0555555555555554rem;
  font-size: 0.9rem;
  font-weight: normal;
}

.c0 {
  padding-left: 16.666666666666668rem;
}

.c15 {
  width: 56.888888888888886rem;
  max-width: 100%;
  margin: 0 auto;
  padding: 5rem 2.2222222222222223rem 1.6666666666666667rem 2.2222222222222223rem;
  box-sizing: border-box;
  font-family: -apple-system,BlinkMacSystemFont,"Segoe UI",Helvetica,Arial,sans-serif,"Apple Color Emoji","Segoe UI Emoji","Segoe UI Symbol";
  -webkit-transition: -webkit-transform 150ms ease-out;
  -webkit-transition: transform 150ms ease-out;
  transition: transform 150ms ease-out;
}

.c16 {
  display: block;
  text-align: left;
  width: 100%;
  color: rgb(243,182,97);
  font-size: 2.3333333333333335rem;
  font-weight: bold;
  font-family: "Avenir Next",-apple-system,BlinkMacSystemFont,"Segoe UI",Helvetica,Arial,sans-serif,"Apple Color Emoji","Segoe UI Emoji","Segoe UI Symbol";
}

@media (min-width:62.5em) {
  .c13 {
    border-radius: 0.16666666666666666rem;
  }

  .c13:hover {
    background: rgba(20,20,20,0.1);
  }
}

@media (max-width:62.5em) {
  .c9 {
    -webkit-transform: translateX(-16.666666666666668rem);
    -ms-transform: translateX(-16.666666666666668rem);
    transform: translateX(-16.666666666666668rem);
  }
}

@media (max-width:62.5em) {
  .c0 {
    padding-left: 0;
  }
}

@media (max-width:62.5em) {
  .c15 {
    padding: 1.6666666666666667rem 1.1111111111111112rem;
    padding-top: 3.888888888888889rem;
  }
}

<DocsLayout
  description=""
  title=""
>
  <styled.div>
    <div
      className="c0"
    >
      <SeoHead
        description=""
        title="styled-components"
      >
        <SideEffect(Head)>
          <Head />
        </SideEffect(Head)>
      </SeoHead>
      <Nav
        isSideFolded={true}
        onRouteChange={[Function]}
        onSideFold={[Function]}
      >
        <div>
          <Navbar>
            <styled.nav>
              <nav
                className="c1"
              >
                <styled.div>
                  <div
                    className="c2"
                  >
                    <Styled(Link)>
                      <Link
                        className="c3"
                        href="/"
                        unstyled={true}
                      >
                        <Link
                          href="/"
                        >
                          <a
                            className="c3"
                            href="/"
                            onClick={[Function]}
                          >
                            <styled.div>
                              <div
                                className="c4"
                              />
                            </styled.div>
                          </a>
                        </Link>
                      </Link>
                    </Styled(Link)>
                    <NavLinks>
                      <styled.nav>
                        <nav
                          className="c5"
                        >
                          <Styled(Link)>
                            <Link
                              className="c6"
                              unstyled={true}
                            >
                              <Link>
                                <a
                                  className="c6"
                                  onClick={[Function]}
                                >
                                  Concepts
                                </a>
                              </Link>
                            </Link>
                          </Styled(Link)>
                          <styled.span>
                            <span
                              className="c7"
                            />
                          </styled.span>
                          <Styled(Link)>
                            <Link
                              className="c6"
                              unstyled={true}
                            >
                              <Link>
                                <a
                                  className="c6"
                                  onClick={[Function]}
                                >
                                  Try it out
                                </a>
                              </Link>
                            </Link>
                          </Styled(Link)>
                          <styled.span>
                            <span
                              className="c7"
                            />
                          </styled.span>
                          <Styled(Link)>
                            <Link
                              className="c6"
                              unstyled={true}
                            >
                              <Link>
                                <a
                                  className="c6"
                                  onClick={[Function]}
                                >
                                  Documentation
                                </a>
                              </Link>
                            </Link>
                          </Styled(Link)>
                        </nav>
                      </styled.nav>
                    </NavLinks>
                  </div>
                </styled.div>
                <styled.div>
                  <div
                    className="c8"
                  >
                    ss
                  </div>
                </styled.div>
              </nav>
            </styled.nav>
          </Navbar>
          <styled.nav
            isFolded={true}
          >
            <styled.nav
              isFolded={true}
            >
              <nav
                className="c9"
              >
                <SidebarMenu
                  onRouteChange={[Function]}
                >
                  <styled.div>
                    <div
                      className="c10"
                    >
                      <styled.div
                        onClick={[Function]}
                      >
                        <div
                          className="c11"
                          onClick={[Function]}
                        >
                          <styled.h4>
                            <h4
                              className="c12"
                            >
                              <Link
                                href="/docs/basics"
                              >
                                <Link
                                  href="/docs/basics"
                                >
                                  <styled.a
                                    href="/docs/basics"
                                    onClick={[Function]}
                                  >
                                    <a
                                      className="c13"
                                      href="/docs/basics"
                                      onClick={[Function]}
                                    >
                                      Basics
                                    </a>
                                  </styled.a>
                                </Link>
                              </Link>
                            </h4>
                          </styled.h4>
                          <styled.h5>
                            <h5
                              className="c14"
                            >
                              <styled.a
                                href="/docs/basics#motivation"
                              >
                                <a
                                  className="c13"
                                  href="/docs/basics#motivation"
                                >
                                  Motivation
                                </a>
                              </styled.a>
                            </h5>
                          </styled.h5>
                          <styled.h5>
                            <h5
                              className="c14"
                            >
                              <styled.a
                                href="/docs/basics#installation"
                              >
                                <a
                                  className="c13"
                                  href="/docs/basics#installation"
                                >
                                  Installation
                                </a>
                              </styled.a>
                            </h5>
                          </styled.h5>
                          <styled.h5>
                            <h5
                              className="c14"
                            >
                              <styled.a
                                href="/docs/basics#getting-started"
                              >
                                <a
                                  className="c13"
                                  href="/docs/basics#getting-started"
                                >
                                  Getting Started
                                </a>
                              </styled.a>
                            </h5>
                          </styled.h5>
                          <styled.h5>
                            <h5
                              className="c14"
                            >
                              <styled.a
                                href="/docs/basics#passed-props"
                              >
                                <a
                                  className="c13"
                                  href="/docs/basics#passed-props"
                                >
                                  Passed props
                                </a>
                              </styled.a>
                            </h5>
                          </styled.h5>
                          <styled.h5>
                            <h5
                              className="c14"
                            >
                              <styled.a
                                href="/docs/basics#adapting-based-on-props"
                              >
                                <a
                                  className="c13"
                                  href="/docs/basics#adapting-based-on-props"
                                >
                                  Adapting based on props
                                </a>
                              </styled.a>
                            </h5>
                          </styled.h5>
                          <styled.h5>
                            <h5
                              className="c14"
                            >
                              <styled.a
                                href="/docs/basics#styling-any-components"
                              >
                                <a
                                  className="c13"
                                  href="/docs/basics#styling-any-components"
                                >
                                  Styling any components
                                </a>
                              </styled.a>
                            </h5>
                          </styled.h5>
                          <styled.h5>
                            <h5
                              className="c14"
                            >
                              <styled.a
                                href="/docs/basics#extending-styles"
                              >
                                <a
                                  className="c13"
                                  href="/docs/basics#extending-styles"
                                >
                                  Extending styles
                                </a>
                              </styled.a>
                            </h5>
                          </styled.h5>
                          <styled.h5>
                            <h5
                              className="c14"
                            >
                              <styled.a
                                href="/docs/basics#attaching-additional-props"
                              >
                                <a
                                  className="c13"
                                  href="/docs/basics#attaching-additional-props"
                                >
                                  Attaching additional props
                                </a>
                              </styled.a>
                            </h5>
                          </styled.h5>
                          <styled.h5>
                            <h5
                              className="c14"
                            >
                              <styled.a
                                href="/docs/basics#animations"
                              >
                                <a
                                  className="c13"
                                  href="/docs/basics#animations"
                                >
                                  Animations
                                </a>
                              </styled.a>
                            </h5>
                          </styled.h5>
                          <styled.h5>
                            <h5
                              className="c14"
                            >
                              <styled.a
                                href="/docs/basics#react-native"
                              >
                                <a
                                  className="c13"
                                  href="/docs/basics#react-native"
                                >
                                  React Native
                                </a>
                              </styled.a>
                            </h5>
                          </styled.h5>
                        </div>
                      </styled.div>
                      <styled.div
                        onClick={[Function]}
                      >
                        <div
                          className="c11"
                          onClick={[Function]}
                        >
                          <styled.h4>
                            <h4
                              className="c12"
                            >
                              <Link
                                href="/docs/advanced"
                              >
                                <Link
                                  href="/docs/advanced"
                                >
                                  <styled.a
                                    href="/docs/advanced"
                                    onClick={[Function]}
                                  >
                                    <a
                                      className="c13"
                                      href="/docs/advanced"
                                      onClick={[Function]}
                                    >
                                      Advanced
                                    </a>
                                  </styled.a>
                                </Link>
                              </Link>
                            </h4>
                          </styled.h4>
                          <styled.h5>
                            <h5
                              className="c14"
                            >
                              <styled.a
                                href="/docs/advanced#theming"
                              >
                                <a
                                  className="c13"
                                  href="/docs/advanced#theming"
                                >
                                  Theming
                                </a>
                              </styled.a>
                            </h5>
                          </styled.h5>
                          <styled.h5>
                            <h5
                              className="c14"
                            >
                              <styled.a
                                href="/docs/advanced#refs"
                              >
                                <a
                                  className="c13"
                                  href="/docs/advanced#refs"
                                >
                                  Refs
                                </a>
                              </styled.a>
                            </h5>
                          </styled.h5>
                          <styled.h5>
                            <h5
                              className="c14"
                            >
                              <styled.a
                                href="/docs/advanced#security"
                              >
                                <a
                                  className="c13"
                                  href="/docs/advanced#security"
                                >
                                  Security
                                </a>
                              </styled.a>
                            </h5>
                          </styled.h5>
                          <styled.h5>
                            <h5
                              className="c14"
                            >
                              <styled.a
                                href="/docs/advanced#existing-css"
                              >
                                <a
                                  className="c13"
                                  href="/docs/advanced#existing-css"
                                >
                                  Existing CSS
                                </a>
                              </styled.a>
                            </h5>
                          </styled.h5>
                          <styled.h5>
                            <h5
                              className="c14"
                            >
                              <styled.a
                                href="/docs/advanced#media-templates"
                              >
                                <a
                                  className="c13"
                                  href="/docs/advanced#media-templates"
                                >
                                  Media Templates
                                </a>
                              </styled.a>
                            </h5>
                          </styled.h5>
                          <styled.h5>
                            <h5
                              className="c14"
                            >
                              <styled.a
                                href="/docs/advanced#tagged-template-literals"
                              >
                                <a
                                  className="c13"
                                  href="/docs/advanced#tagged-template-literals"
                                >
                                  Tagged Template Literals
                                </a>
                              </styled.a>
                            </h5>
                          </styled.h5>
                          <styled.h5>
                            <h5
                              className="c14"
                            >
                              <styled.a
                                href="/docs/advanced#server-side-rendering"
                              >
                                <a
                                  className="c13"
                                  href="/docs/advanced#server-side-rendering"
                                >
                                  Server Side Rendering
                                </a>
                              </styled.a>
                            </h5>
                          </styled.h5>
                        </div>
                      </styled.div>
                      <styled.div
                        onClick={[Function]}
                      >
                        <div
                          className="c11"
                          onClick={[Function]}
                        >
                          <styled.h4>
                            <h4
                              className="c12"
                            >
                              <Link
                                href="/docs/api"
                              >
                                <Link
                                  href="/docs/api"
                                >
                                  <styled.a
                                    href="/docs/api"
                                    onClick={[Function]}
                                  >
                                    <a
                                      className="c13"
                                      href="/docs/api"
                                      onClick={[Function]}
                                    >
                                      API Reference
                                    </a>
                                  </styled.a>
                                </Link>
                              </Link>
                            </h4>
                          </styled.h4>
                          <styled.h5>
                            <h5
                              className="c14"
                            >
                              <styled.a
                                href="/docs/api#primary"
                              >
                                <a
                                  className="c13"
                                  href="/docs/api#primary"
                                >
                                  Primary
                                </a>
                              </styled.a>
                            </h5>
                          </styled.h5>
                          <styled.h5>
                            <h5
                              className="c14"
                            >
                              <styled.a
                                href="/docs/api#helpers"
                              >
                                <a
                                  className="c13"
                                  href="/docs/api#helpers"
                                >
                                  Helpers
                                </a>
                              </styled.a>
                            </h5>
                          </styled.h5>
                          <styled.h5>
                            <h5
                              className="c14"
                            >
                              <styled.a
                                href="/docs/api#supported-css"
                              >
                                <a
                                  className="c13"
                                  href="/docs/api#supported-css"
                                >
                                  Supported CSS
                                </a>
                              </styled.a>
                            </h5>
                          </styled.h5>
                          <styled.h5>
                            <h5
                              className="c14"
                            >
                              <styled.a
                                href="/docs/api#flow"
                              >
                                <a
                                  className="c13"
                                  href="/docs/api#flow"
                                >
                                  Flow
                                </a>
                              </styled.a>
                            </h5>
                          </styled.h5>
                          <styled.h5>
                            <h5
                              className="c14"
                            >
                              <styled.a
                                href="/docs/api#typescript"
                              >
                                <a
                                  className="c13"
                                  href="/docs/api#typescript"
                                >
                                  TypeScript
                                </a>
                              </styled.a>
                            </h5>
                          </styled.h5>
                        </div>
                      </styled.div>
                      <styled.div
                        onClick={[Function]}
                      >
                        <div
                          className="c11"
                          onClick={[Function]}
                        >
                          <styled.h4>
                            <h4
                              className="c12"
                            >
                              <Link
                                href="/docs/tooling"
                              >
                                <Link
                                  href="/docs/tooling"
                                >
                                  <styled.a
                                    href="/docs/tooling"
                                    onClick={[Function]}
                                  >
                                    <a
                                      className="c13"
                                      href="/docs/tooling"
                                      onClick={[Function]}
                                    >
                                      Tooling
                                    </a>
                                  </styled.a>
                                </Link>
                              </Link>
                            </h4>
                          </styled.h4>
                          <styled.h5>
                            <h5
                              className="c14"
                            >
                              <styled.a
                                href="/docs/tooling#babel-plugin"
                              >
                                <a
                                  className="c13"
                                  href="/docs/tooling#babel-plugin"
                                >
                                  Babel Plugin
                                </a>
                              </styled.a>
                            </h5>
                          </styled.h5>
                          <styled.h5>
                            <h5
                              className="c14"
                            >
                              <styled.a
                                href="/docs/tooling#test-utilities"
                              >
                                <a
                                  className="c13"
                                  href="/docs/tooling#test-utilities"
                                >
                                  Test Utilities
                                </a>
                              </styled.a>
                            </h5>
                          </styled.h5>
                          <styled.h5>
                            <h5
                              className="c14"
                            >
                              <styled.a
                                href="/docs/tooling#stylelint"
                              >
                                <a
                                  className="c13"
                                  href="/docs/tooling#stylelint"
                                >
                                  Stylelint
                                </a>
                              </styled.a>
                            </h5>
                          </styled.h5>
                        </div>
                      </styled.div>
                      <styled.div
                        onClick={[Function]}
                      >
                        <div
                          className="c11"
                          onClick={[Function]}
                        >
                          <styled.h4>
                            <h4
                              className="c12"
                            >
                              <Link
                                href="/docs/faqs"
                              >
                                <Link
                                  href="/docs/faqs"
                                >
                                  <styled.a
                                    href="/docs/faqs"
                                    onClick={[Function]}
                                  >
                                    <a
                                      className="c13"
                                      href="/docs/faqs"
                                      onClick={[Function]}
                                    >
                                      FAQs
                                    </a>
                                  </styled.a>
                                </Link>
                              </Link>
                            </h4>
                          </styled.h4>
                          <styled.h5>
                            <h5
                              className="c14"
                            >
                              <styled.a
                                href="/docs/faqs#can-i-nest-rules"
                              >
                                <a
                                  className="c13"
                                  href="/docs/faqs#can-i-nest-rules"
                                >
                                  Can I nest rules?
                                </a>
                              </styled.a>
                            </h5>
                          </styled.h5>
                          <styled.h5>
                            <h5
                              className="c14"
                            >
                              <styled.a
                                href="/docs/faqs#can-i-refer-to-other-components"
                              >
                                <a
                                  className="c13"
                                  href="/docs/faqs#can-i-refer-to-other-components"
                                >
                                  Can I refer to other components?
                                </a>
                              </styled.a>
                            </h5>
                          </styled.h5>
                          <styled.h5>
                            <h5
                              className="c14"
                            >
                              <styled.a
                                href="/docs/faqs#can-i-use-css-frameworks"
                              >
                                <a
                                  className="c13"
                                  href="/docs/faqs#can-i-use-css-frameworks"
                                >
                                  Can I use css frameworks?
                                </a>
                              </styled.a>
                            </h5>
                          </styled.h5>
                        </div>
                      </styled.div>
                    </div>
                  </styled.div>
                </SidebarMenu>
              </nav>
            </styled.nav>
          </styled.nav>
        </div>
      </Nav>
      <styled.div
        moveRight={false}
      >
        <div
          className="c15"
        >
          <styled.h1>
            <h1
              className="c16"
            />
          </styled.h1>
        </div>
      </styled.div>
    </div>
  </styled.div>
</DocsLayout>
`;
