// Jest Snapshot v1, https://goo.gl/fbAQLP

exports[`Label renders correctly 1`] = `
<small
  className="eoxDUw"
/>
`;

exports[`LabelGroup renders correctly 1`] = `
<div
  className="kpxChI"
/>
`;
