// Jest Snapshot v1, https://goo.gl/fbAQLP

exports[`Note renders correctly 1`] = `
<div
  className="cENyxb"
>
  <strong
    className="eAtxMA"
  >
    Note
  </strong>
</div>
`;
